for hy hitler &amp; nazi germany -------------title-------
## hitler & nazi germany
statecraft from machiavelli to kissinger and beyond -------------title-------
**statecraft from machiavelli to kissinger and beyond**
vast and vulnerable networks -------------title-------
### vast and vulnerable networks
greek and roman religions -------------title-------
####  greek and roman religions, fall 1999
european history courses -------------title-------
### graduate courses in european history
early middle ages -------------title-------
# history 5360: the early middle ages
latin america and the united states -------------title-------
**_latin america and the united states_**
latin america and the united states -------------title-------
**_latin america and the united states_**
an archaeology of mesoamerica -------------title-------
#  an 370 archaeology of mesoamerica
steve dutch home page -------------title-------
# steve dutch
an archaeology of mesoamerica -------------title-------
#  an 370 archaeology of mesoamerica
umkc department of economics department courses -------------title-------
**courses**
politics in canada -------------title-------
#  ![](leaf0.gif)politics in canada
conservation history of technology -------------title-------
**history of technology 1**
conservation history of technology -------------title-------
**history of technology ii**
history of christianity -------------title-------
**history of christianity i**
viehe organized crime in the united states () -------------title-------
**organized crime in the united states**
earth systems science -------------title-------
**earth system science**
earth systems science -------------title-------
**earth system science**
casey leininger history of the urban african american experience -------------title-------
**history of the urban african american experience
human impacts on the environment -------------title-------
**human impacts on the environment:
gay and lesbian philosophy -------------title-------
###  gay & lesbian philosophy
shsu history department summer ii course information -------------title-------
# shsu history department
courses offered in american history -------------title-------
## courses offered in american history
classroom etiquette policy -------------title-------
**policy on mutual responsibilities and classroom etiquette**
natural history of the hawaiian islands -------------title-------
#  **natural history of the hawaiian islands**
slavery and society in ancient rome -------------title-------
# slavery and society in ancient rome
concentration in urban history -------------title-------
## concentration in urban history
comparative religions page -------------title-------
  **comparative religions page **
for history of philosophy ii (modern) -------------title-------
**history of philosophy ii (modern)**
american literary traditions -------------title-------
###  american literary traditions (engl 210)
written exercises for history -------------title-------
## written exercises for history 2020
gay &amp; lesbian philosophy course university of maryland at -------------title-------
# gay & lesbian philosophy
intellectual history of public administration thought -------------title-------
**history of public administration thought
conservation history of technology -------------title-------
**history of technology iii**
history of disability -------------title-------
#### history of disability
literature course syllabi -------------title-------
# syllabi and other course materials for literature courses
intellectual cultural and history of science courses -------------title-------
#  **intellectual history, cultural history,**
intellectual cultural and history of science courses -------------title-------
#  **and history of science**
literature course syllabi -------------title-------
# syllabi and other course materials for literature courses
literary resources american (lynch) -------------title-------
# literary resources -- american
his public history -------------title-------
### ![](shld1sm.gif)his 595 public history
history of science ou -------------title-------
# history of science 2103
sex and gender -------------title-------
**history 410: sex and gender in medieval and early modern europe**
history of social thought -------------title-------
##  417 history of social thought
women on the web -------------title-------
#  women on the web:
politics of western europe (course) -------------title-------
**politics of western europe**
women on the web -------------title-------
#  women on the web:
colloquium in public history -------------title-------
** colloquium in public history** ****
history and systems -------------title-------
# history and systems
classics art history spring -------------title-------
## classics / art history 302
history social cognitive -------------title-------
### history of psychology: the dialectics of social and cognitive psychologies
classics art history spring -------------title-------
## classics / art history 302
peoples and cultures of eastern europe -------------title-------
**syllabus: soan 246 peoples and cultures of eastern europe
myth and modern greece marinospourgouris -------------title-------
**myth and modern greece**
united states history (hst ) -------------title-------
##  united states history
capstone spring science and reliogion augustana -------------title-------
**capstone**
edu science for elementary educators ii -------------title-------
**edu 247 : science for elementary educators ii**
plant biology courses -------------title-------
**courses**
enã¯ history of the built environment ii ã¯ -------------title-------
**end 2423 - history of the built environment ii**
bigger place to play -------------title-------
**a bigger place to play:
course portfolio page -------------title-------
**course portfolio page**
concentration in intellectual history -------------title-------
## concentration in intellectual history
ee  comp -------------title-------
## ee 128/comp 111 spring 2002
modern german history -------------title-------
# modern german history
world regional geography -------------title-------
# **world regional geography**
introduction to teaching -------------title-------
**introduction to teaching**
course school of management and labor relations -------------title-------
**course
hist the era of the french revolution and napoleon -------------title-------
**the age of the french revolution and napoleon**
american colonial history -------------title-------
## american colonial history
civil rights and liberties pols -------------title-------
## civil rights and liberties
colonial american history -------------title-------
**history of colonial america
women and south asian cinema spring laura -------------title-------
**women and south asian cinema**
descriptions of summer institutes advanced placement -------------title-------
**_advanced placement summer institute descriptions_**
history advance course information winter -------------title-------
# history
hist religion and the evolution of american society -------------title-------
###  religion and the evolution of american society, 1492-1850
popular music since -------------title-------
# popular music since 1955
department of history fall course offerings -------------title-------
  **department of history** | **fall 2002**
the other europe -------------title-------
**the other europe:**
kevin grace university of cincinnati -------------title-------
#  kevin grace
history of world civilizations (hist ) -------------title-------
**hist 102 a history of world civilizations**
latin american politics -------------title-------
# latin american politics syllabus
latin american politics -------------title-------
## latin american politics
internet related home page -------------title-------
# welcome to the internet related home page
pace the old south spring -------------title-------
**the old south**
about shepherd college -------------title-------
   **shepherd college**
history  sec -------------title-------
**history 211, sec. 1**
his anderson college -------------title-------
**his 202 syllabus, anderson college**
rec martial arts faq part -------------title-------
# rec.martial-arts faq - part 2 of 3
for hy the holocaust -------------title-------
## the holocaust
history  sec -------------title-------
**history 211, sec. 2**
political science course descriptions -------------title-------
#  political science course descriptions
history the american midwest fall -------------title-------
**history of the american midwest
lewis and clark and the american empire hist -------------title-------
##  "lewis and clark
lewis and clark and the american empire hist -------------title-------
##  and the american empire"
history of twentieth century europe -------------title-------
**history of twentieth-century europe**
european history courses -------------title-------
### graduate courses in european history
posc international politics -------------title-------
**international politics**
beginning newswriting and reporting -------------title-------
#  beginning newswriting and reporting
implementing educational change for social justice in -------------title-------
**course title:** a188 - implementing educational change for social justice in
implementing educational change for social justice in -------------title-------
**a-188. implementing educational change (for social justice) in marginalized
cse object oriented analysis &amp; design -------------title-------
# cse504: object-oriented analysis & design
hst african history to -------------title-------
# hst 3357 african history to 1880
the media lab for the rest of us -------------title-------
# the "media-lab-for-the-rest-of-us"
community information corps -------------title-------
## si 597/697 community information: project corps
women and religion -------------title-------
**seminar: women and religion in america, 17th century to the present**
spring ira katznelson liberalism in america -------------title-------
**liberalism in america**
university of connecticut -------------title-------
  **university of connecticut** |  department of history
independent study history -------------title-------
**you are here!** **\-- independent study -> courses and enrollment-> history
rural sociology sociology -------------title-------
#  rural sociology 101
challenges for clinicians in the new millennium -------------title-------
**__**challenges for clinicians
case study abstracts -------------title-------
###  case study abstracts
geology  spring things to help with lab and lecture -------------title-------
## things to help you with lab and lecture
the history of the balkan peoples -------------title-------
#### the history of the balkan peoples, 1453-1918
cohen colonial america -------------title-------
## colonial america
sex and gender -------------title-------
**the sociology of sex and gender**
political science  mu -------------title-------
##### political science 201 / peace studies 201
sociology advance course information fall -------------title-------
# sociology
indigenous nations studies -------------title-------
**center for indigenous nations studies**
history &amp; philosophy of biology -------------title-------
**bemidji state university, biology 4100/6920** **history & philosophy of
race ethnicity in crime and social justice course online -------------title-------
**cj580: race, ethnicity in crime and social justice**
prof pedromalavet comparative law spring -------------title-------
# comparative law
commonwealth environmental history -------------title-------
**commonwealth environmental history**
courses taught by jack miller -------------title-------
# jack miller
problems and pitfalls in the history of technology -------------title-------
# problems and pitfalls in the history of technology
bcst  fall -------------title-------
# bcst 470- fall 1995 syllabus
hist world civilizations to ce spring -------------title-------
**hist 103     world civilizations i: to 1000     spring 2002**
technology and contemporary life (s) -------------title-------
## technology and contemporary life
readings for western civilization -------------title-------
## list of readings for western civilization 101, section 01.
infobits&gt; iat infobits february -------------title-------
# infobits> iat infobits -- february 1998
the cultural role of the state in pre modern china islam and -------------title-------
### the cultural role of the state in pre-modern china, islam and europe
fate of the twentieth century -------------title-------
### the fate of the twentieth century
early american literature -------------title-------
**_early american literature
united states history -------------title-------
**text** \- united states history since 1861 by boorstin or usa: the unfolding
shooting reconstruction vs shooting reenactment -------------title-------
# shooting reconstruction vs shooting reenactment
women and politics -------------title-------
## women and politics ![](rallies_copy.gif)
the cultural knowledge newsletter cover story -------------title-------
# cover story
music in performance -------------title-------
##  music in performance
grinnell college the africana studies concentration -------------title-------
## the africana studies concentration
ccumc emerging technologies interest group selected emerging -------------title-------
#  ccumc emerging technologies
idea american indian world views fall -------------title-------
****idea 305 american indian world views**
lisvirtual library american literature -------------title-------
## american literature
western civilization ii -------------title-------
**      history 102: western civilization** **syllabus**
for mus introduction to music -------------title-------
## mus 81: introduction to music
language and religion spring  indiana univ -------------title-------
##  language and religion:
spring english department course offerings -------------title-------
**english department course offerings**
later middle ages -------------title-------
**_[later middle ages home](index.html)_**
timothy sweet cv -------------title-------
###  timothy sweet
history of the crusades -------------title-------
**_a history of the crusades_**
dominican university history american studies (fall ) -------------title-------
**history/american studies 310
german american teaching resources and units -------------title-------
## german-american
books for european history -------------title-------
## **books for european history 1900-1945
for politics and communication -------------title-------
**politics and communication:
gl deciphering earth history -------------title-------
## deciphering earth history
[continuing education]renal biopsy in medical diseases of the -------------title-------
**renal biopsy**
[continuing education]renal biopsy in medical diseases of the -------------title-------
**in medical diseases**
history history of american indians -------------title-------
**history 369: history of american indians**
american indian world views -------------title-------
# american indian world views
first semester(idh ) fall -------------title-------
## first semester syllabus (idh 4007) - fall 2001
lewis department of humanities -------------title-------
**courses in the lewis department of humanities**
community information corps -------------title-------
## si 575 community information corps seminar
pepperdine university school of public policympp -------------title-------
**pepperdine university**
journal of the faculty senate -------------title-------
**journal of the faculty senate** the university of oklahoma (norman
notes on garnsey &amp; saller -------------title-------
## notes on garnsey & saller
math =compsci   cryptology -------------title-------
# math 307=compsci 367/567, cryptology i
for environmental history -------------title-------
**joseph siry|  environmental history: people on the land **|
environmental history bibliography and selected internet -------------title-------
###  bibliography and internet links for environmental history:  water test
for se  design and architecture of secure -------------title-------
#  syllabus for se-570-101 design and architecture of secure software systems,
undergraduate history ndnu catalog -------------title-------
  * **[catalog](../catalog)**
undergraduate history ndnu catalog -------------title-------
  * **[undergraduate](../undergraduate)**
uta schedule of classes history -------------title-------
**history**
earth systems science -------------title-------
**geology 3923h - earth systems science**
reflections on the revolution -------------title-------
# reflections on the revolution in france
women in european history prof -------------title-------
**women in european history**
community information corps -------------title-------
## si 575 community information corps seminar
women in modern europe -------------title-------
## women in modern europe
women in european history prof -------------title-------
**women in european history**
for spring readings in modern american history -------------title-------
  **readings in modern american history**
issues in contemporary american english lesson plans -------------title-------
# issues in contemporary american english
issues in contemporary american english lesson plans -------------title-------
# lesson plans
notre dame archives index fxn -------------title-------
## notre dame archives
aspects of the english language -------------title-------
###  eng 346: aspects of the english language
ling background concepts -------------title-------
**ling 001     background concepts** |
catcher in the rye -------------title-------
** cherished and cursed: toward a social history of the catcher in the rye the
essay assignment # -------------title-------
####  essay assignment #2:
historiography of communication -------------title-------
**historiography of communication
sociological theory robert wood -------------title-------
**sociological theory**
undergraduate history courses -------------title-------
### undergraduate courses in european history
hst world environmental history -------------title-------
##  world environmental history
terrorism and public health preparedness -------------title-------
# terrorism and public health preparedness
introduction to human population&quot; (riley ) -------------title-------
# **introduction to human population**
webct pilot participants and their projects -------------title-------
##  **webct pilot participants and their projects**
introduction to media studies -------------title-------
**21l.015    introduction to media studies:  [syllabus](syllabus.html) |
general chemistry ii -------------title-------
# general chemistry ii
world regional geography -------------title-------
#  world regional geography
history of ancient philosophy -------------title-------
##  history of ancient philosophy
history of ancient philosophy -------------title-------
##  history of ancient philosophy
history of the americas -------------title-------
# history of the americas
post romantic music before world war -------------title-------
# post-romantic music before world war i
rst  schedule -------------title-------
                                               **rst 280 semester schedule, fall 2000**
gender and judaism -------------title-------
##  **_gender and judaism_**
race class and ethnicity and the internet -------------title-------
**resources on race, ethnicity, and class and the internet**
money and capital markets -------------title-------
## money and capital markets
language and gender -------------title-------
# engl 473 : language and gender
psychology of gender (psy ) -------------title-------
# psychology of gender (psy 380)
journal of the faculty senate -------------title-------
**journal of the faculty senate** the university of oklahoma (norman
interesting links for problems in nuclear disarmament -------------title-------
**interesting links**
west bank www starter kit -------------title-------
# a www starter kit for learning about the west bank
bill alves current courses -------------title-------
### bill alves - current courses
courses in japanese studies -------------title-------
# **courses in japanese studies**
course descriptions uk school of library &amp; information science -------------title-------
## course descriptions
the university of pittsburgh -------------title-------
# the university of pittsburgh
duke library caribbean studies -------------title-------
## caribbean studies
hist  russian revolution -------------title-------
**hist 434-1: russian revolution**
#introduction to american literature spring -------------title-------
**introduction to american literature**
topics in moral philosophy fall -------------title-------
# **24.601 topics in moral philosophy**
karcher (temple university) -------------title-------
##  karcher (temple university)
arthur scargill article on slp -------------title-------
# arthur scargill article on slp
aircraft flight dynamics -------------title-------
# aircraft flight dynamics
us foreign policy -------------title-------
## u.s. foreign policy:
advanced us history courses undergraduate course offerings -------------title-------
# advanced us history courses
the scout report for social sciences september -------------title-------
## the scout report for social sciences
american politics and oceania -------------title-------
## american politics and oceania
the scout report for social sciences september -------------title-------
### the scout report for
the scout report for social sciences september -------------title-------
# social sciences
question about methodology (response by stowe) -------------title-------
**a question about methodology**
the legal basis for fish and wildlife management in the us -------------title-------
## the legal basis for fish and wildlife management in the u.s.
american history lesson plan links -------------title-------
## ![uno](../images/logos/sslogo.gif) american history lesson plan links
sports in film and philosophy and sports in film spring semester -------------title-------
**sports in film and philosophy and sports in film**
ems paramedic program information page -------------title-------
# information page
nyu metropolitan studies legal aid internship -------------title-------
#  legal aid internship
social and political thought -------------title-------
**social and political thought
sociology of sport -------------title-------
###  **soci 2215 sociology of sport and leisure**
chris howell courses -------------title-------
**chris howell**
critical thinking about science in society -------------title-------
 **seminar in critical thinking: science in society**
question about methodology (essay by pedersen) -------------title-------
**a question about methodology**
question about methodology (pedersen counterresponse) -------------title-------
**a question about methodology**
ornithology review questions -------------title-------
**ornithology**
ornithology review questions -------------title-------
**review questions from ornithology, 2nd ed. by f.b. gill**
ur  print bibliographies -------------title-------
## ur-list 15: print bibliographies
wsu course homepages -------------title-------
# course homepages at wsu
introduction to american indian history -------------title-------
**introduction to american indian history**
an cultures of mexico and central america -------------title-------
#  an 371 peoples and cultures of mexico and central america
gtp events past fall intensives -------------title-------
**past fall intensives**
history advance course information fall -------------title-------
# history
graduate core seminar in socio cultural anthropology -------------title-------
**graduate core seminar in socio-cultural anthropology** **anthropology 511:
arab israeli politics fall -------------title-------
# arab-israeli politics
biogeography diversity and distribution of plants and animals bi -------------title-------
# biogeography--
biogeography diversity and distribution of plants and animals bi -------------title-------
## diversity and distribution of plants and animals
international relations web sites -------------title-------
**international relations web sites**
 interactive conflict resolution -------------title-------
**33.519.05   interactive conflict resolution
internet resource links for terrorism -------------title-------
**internet resource links for jus 415: terrorism**
judaic studies course offerings winter -------------title-------
# judaic studies course offerings
edc  school and society course -------------title-------
**edc 480--school and society**
religion in american history -------------title-------
**religion in american history:
esi environmental studies institute santa clara university -------------title-------
**esi**
english creative writing -------------title-------
**english 2403, creative writing** , is a highly flexible course generally
history western civilization ii -------------title-------
## western civilization ii
religious responses to the holocaust -------------title-------
## religious responses to the holocaust (religious studies 242)
determinism foreknowledge and freedom in ancient and medieval -------------title-------
##  determinism, foreknowledge, and freedom in ancient and medieval philosophy
phm freedom and justice fall -------------title-------
**phm 3100, freedom and justice (social philosophy),   fall, 2000
government and politics -------------title-------
**government and politics 409-j
par  illinois government and politics -------------title-------
## par 405--illinois government and politics
buddhist thought and practice -------------title-------
**buddhist thought and practice**
cis computer and network system administration -------------title-------
### computer and network system administration
alien minds and cultures -------------title-------
## alien minds and cultures**
selected bibliography of stage lighting literature -------------title-------
# selected bibliography of stage lighting literature
byzantine studies conference -------------title-------
# byzantine studies conference
byzantine studies conference -------------title-------
## welcome to the byzantine studies conference web page
interesting internet sites -------------title-------
# interesting internet sites
united states national committee for byzantine studies -------------title-------
# united states national committee for byzantine studies
united states national committee for byzantine studies -------------title-------
## welcome to the united states national committee for byzantine studies web
history of judaism -------------title-------
## history of judaism (relst 120/history 100)
course syllabi study guides sample tests bibliographies and -------------title-------
## course syllabi, study guides, sample tests, bibliographies, and assorted
calvary chapel san bernardino pastoral ministry resources -------------title-------
**pastoral ministry resources**
for art world art history -------------title-------
## world art history i
politics of middle east course outline spring  uncp -------------title-------
**course outline** **politics of the middle east- spring 1999** **pls 355,
introduction to political theory pol -------------title-------
**introduction to political theory** **professor schneck, fall 1997**
modern political theory -------------title-------
**this is a web page for a course on modern political theory that will be
modern political theory -------------title-------
**this is a web page for a course on modern political theory that will be
modern political thought -------------title-------
**modern political thought** ****
modern political thought -------------title-------
**modern political thought** ****
active titles by subject -------------title-------
**active titles by subject**
major american authors -------------title-------
## major american authors
russian studies courses -------------title-------
##  russian studies courses
geoffrey de villehardouin -------------title-------
** geoffrey de villehardouin
networking tools for isd edit course development -------------title-------
  **networking tools for isd edit 574 course development**
immigration and ethnicity in america -------------title-------
**immigration and ethnicity in america: the urban crucible**
folklore and anthropology -------------title-------
#  syllabus for spring 1997, folklore and anthropology
nonprofit organizations spring -------------title-------
**spring 2001: so 402: public service and nonprofit organizations**
introduction to archaeology -------------title-------
##  **introduction to archaeology**
united states foreign policy -------------title-------
##  united states foreign policy
united states foreign policy -------------title-------
**political science 861.1/united states foreign policy**
sociology advance course information fall -------------title-------
# sociology
graduate division of religion spring course offerings -------------title-------
###  graduate division of religion                         spring 2001 course
anderson college his spring -------------title-------
**anderson college - spring 2002**
history of english studies page -------------title-------
##  `history of english studies page`
history schedule (winter ) -------------title-------
# history 21 class schedule (winter 2002)
history schedule (winter ) -------------title-------
## schedule
geg online! schedule fall -------------title-------
#  schedule
wku anth old world prehistory -------------title-------
**anth 335 old world prehistory**
ps  the us congress -------------title-------
#  ps146, the us congress, spring 1996 syllabus
digital libraries (l) -------------title-------
**l576 (fall 2000): digital libraries syllabus**
digital image processing siue -------------title-------
### **ece 438 digital image processing syllabus**
for muse  stone tool analysis -------------title-------
**stone tool analysis**
biology of consciousness -------------title-------
## the biology of consciousness
california history(spring ) -------------title-------
### california history
east european cinema -------------title-------
# east european cinema
www eas slu edu -------------title-------
# www.eas.slu.edu
the race and ethnicity book review discussion list -------------title-------
**pos334-l: the race and ethnicity book review discussion list
the race and ethnicity book review discussion list -------------title-------
**the discussion list:**
master of arts in humanities penn state harrisburg -------------title-------
## master of arts in humanities
edu human relations -------------title-------
**human relations**
george mason university -------------title-------
**george mason university**
george mason university -------------title-------
**george mason university school of law**
native american literatures -------------title-------
## syllabus for anthropology 333: native american literatures
native american literatures -------------title-------
## syllabus for anthropology 333: native american literatures
academic home page -------------title-------
#### academic home page
literature of world war two -------------title-------
# literature of world war two
literature of world war two -------------title-------
### welcome to the literature of world war two home page
rs religions of the goddesses -------------title-------
#### **rs 350 -- religions of the goddesses**
glossary of terms in modern theory -------------title-------
## modern political theory glossary of terms (m to z)
women of color -------------title-------
**race, class, gender: women of color in the u.s.** ** ** **csp 30--spring
for gender race and class seminar -------------title-------
# sociology 2032: gender, race, and class seminar
the political economy of development -------------title-------
### the political economy of development (poli 464)
rmc academic policies -------------title-------
**rmc academic policies **
web server statistics for the cla language center -------------title-------
# ![](./images/analogo.gif) web server statistics for [the cla language
for cis multimedia presentations -------------title-------
##  cis 752 multimedia presentations
nancy black web page -------------title-------
# nancy b. black
electronic resources for literature teachers -------------title-------
##  **electronic resources for literature teachers**
world wide web access statistics for renoir vill edu -------------title-------
# world-wide web access statistics for renoir.vill.edu
world wide web access statistics for renoir vill edu -------------title-------
# world-wide web access statistics for renoir.vill.edu
world wide web access statistics for www engr uark edu -------------title-------
# world-wide web access statistics for www.engr.uark.edu
world wide web access statistics for www engr uark edu -------------title-------
# world-wide web access statistics for www.engr.uark.edu
world wide web access statistics for www engr uark edu -------------title-------
# world-wide web access statistics for www.engr.uark.edu
world wide web access statistics for www engr uark edu -------------title-------
# world-wide web access statistics for www.engr.uark.edu
world wide web access statistics for www engr uark edu -------------title-------
# world-wide web access statistics for www.engr.uark.edu
world wide web access statistics for www engr uark edu -------------title-------
# world-wide web access statistics for www.engr.uark.edu
home page of dr franksmith -------------title-------
**home page**
social studies links -------------title-------
###  this page links to numerous social studies sites
art for children -------------title-------
  **syllabus      art 309: art for children** | ![](invertd.jpg)
history course information -------------title-------
**course information**
physical geology georgia perimeter college -------------title-------
# **physical geology at georgia perimeter college**
georgia state university faculty handbook -------------title-------
###  faculty handbook
mara parker current cv -------------title-------
**mara parker
university of southern maine -------------title-------
**university of southern maine, gorham maine
francis graham lee -------------title-------
** -** **f rancis graham lee**
vernon college govt -------------title-------
### vernon college
program on citizenship development forglobal age -------------title-------
## **program on**
guidelines and criteria for courses in the general studies -------------title-------
**_guidelines and criteria for courses in the general studies_**
the christian coalition part ii -------------title-------
**[the christian coalition](http://www.cc.org/) (part ii)**
psychology courses at obu -------------title-------
##  courses
csc  computer architecture -------------title-------
**csc 4210/6210 computer architecture syllabus**
history of the crusades -------------title-------
**_a history of the crusades_**
earth and resource science academics -------------title-------
# earth and resource science academics
historical and philosophical foundations of american public -------------title-------
**historical and philosophical foundations of american public education**
general archival files -------------title-------
#### general archival files
unc ch department of history courses -------------title-------
**courses**
cowell  bicycle transportation engineering -------------title-------
###  cowell 152---bicycle transportation engineering
history modern britain -------------title-------
### modern britain
native american history -------------title-------
### native american history
latin american studies -------------title-------
# latin american studies 200 fall 2002
introductory psychology summer -------------title-------
## introductory psychology
law and inequality course -------------title-------
#  law & inequality
history american civilization to -------------title-------
**american civilization to 1865**
the sociology of cyberspace -------------title-------
#  sociology of cyberspace
politics of immigration prof -------------title-------
  **politics of immigration**
history american civilization from to the present -------------title-------
**american civilization from 1865 to the present**
history  american radicalism winter -------------title-------
**                     american radicalism: history 351**
psc political parties -------------title-------
# psc 311: political parties
introduction to la raza studies spring -------------title-------
**introduction to la raza studies**
for biology field biology -------------title-------
## syllabus for biology 420 - field biology
civil rights usa -------------title-------
**civil rights usa**
the united states in world affairs -------------title-------
**the united states in world affairs**
women gender and sexuality in us history -------------title-------
## **women, gender and sexuality in u.s. history**
for fall readings in modern american history -------------title-------
**readings in modern american history**
history the united states  fall -------------title-------
**history 305                                    the united states, 1919-1945
peoples and cultures of the east -------------title-------
## peoples and cultures of the east
edu history and philosophy of education -------------title-------
**edu 250 - history and philosophy of education**
hypermedia in history -------------title-------
## hypermedia in history
afa civil rights usa -------------title-------
**civil rights usa**
sociology and the internet -------------title-------
## **sociology and the internet**
history southwestern assemblies of god university -------------title-------
**southwestern a/g university
honors  fall -------------title-------
**honors 115.2:   western experience ii ![](bulletcompass.gif) fall
us foreign policy -------------title-------
## u.s. foreign policy:
philosophy of education -------------title-------
**philosophy of education**
the progressive era and wwi -------------title-------
## the progressive era and world war one
american military history -------------title-------
**american military history, 1607-1914**
readings in th century political history -------------title-------
## readings in 20th century political history
readings in th century political history -------------title-------
**graduate readings in 20th-century american political history**
hst african americans and africa -------------title-------
# hst 4357.501 african americans and africa:
us intellectual history course page -------------title-------
  **us intellectual history i:**
natural resources law prls  course schedule &amp; readings -------------title-------
**prls 501, natural resources law**
hi historiography and historical method -------------title-------
## historiography and historical method
georgia perimeter college hist -------------title-------
**georgia perimeter college**
george mason university -------------title-------
**economics 361, george mason university, dr. carrie meyer**
history of the future -------------title-------
**history of the future**
the world lecture hall -------------title-------
# the world lecture hall
eng  seminar in medieval english literature -------------title-------
**eng 701: seminar in medieval literature
east asia ii (horn ) -------------title-------
# east asia ii
history of world civilizations (hist ) -------------title-------
# a history of world civilizations (hist 101) syllabus
py  solar system astronomy -------------title-------
# py 124: solar system astronomy
hist  history of mexico -------------title-------
**course syllabus**   **hist 353, history of mexico**
buad management &amp; organizational behavior -------------title-------
##  buad309 - management and organizational behavior
east asian humanities (kroll) -------------title-------
# east asian humanities
comparative cultural criticism -------------title-------
**comparative cultural criticism**
cross cultural communication -------------title-------
**33.140.07 cross-cultural communication, fall 1998-- syllabus
introduction to sociology -------------title-------
**         introduction to sociology**
cultures of asia (jones ) -------------title-------
### **cultures** of asia
introduction to world religions -------------title-------
## relig 2601, introduction to world religions
ps  american foreign policies -------------title-------
 **american foreign policies (ps 314)
sociology of sport -------------title-------
### soc 405 - sociology of sport
politics and the university -------------title-------
##  politics and the university
arts of china -------------title-------
# arts of china
report for asian studies development program and neh -------------title-------
## report for 1995 asian studies development program and neh institute on
foreign policy analysis -------------title-------
##  foreign policy analysis
african american family history -------------title-------
## **topics in african american family history
coursefor urban geography -------------title-------
# urban geography
the university of illinois at chicago undergraduate catalog -------------title-------
# uic (the university of illinois at chicago)
the student course review december edition -------------title-------
# the student course review, december 1997 edition
computing in the arts -------------title-------
**introduction to computing in the arts**
representative americans (a) -------------title-------
## representative americans (a201):
advanced chinese grammar -------------title-------
**advanced chinese grammar** **_course information and syllabus_**
culture and social life in the american city -------------title-------
## **culture and social life in the american city, 1800-2000**
science and society in th century america -------------title-------
## science and society in 20th century america
emat  mathematics problem solving -------------title-------
**course:** emat 4600/6600 problem solving in mathematics
mat mathematics content and methods for the elementary -------------title-------
**mat 106 mathematics content and methods
introduction to measurement and statistics -------------title-------
## introduction to measurement and statistics**
quasars black holes and the universe -------------title-------
### quasars, black holes, and the universe (phys 145) 2000 syllabus
introduction to measurement and statistics -------------title-------
## introduction to measurement and statistics**
introduction to measurement and statistics -------------title-------
## introduction to measurement and statistics**
research methods in history -------------title-------
**research methods in history**
math way of thinking fall -------------title-------
# math 155 way of thinking
applications of math for elementary teachers -------------title-------
**te 490: applications of math for elementary teachers to the k-8 classroom**
math discrete mathematics spring -------------title-------
# math 150 - discrete mathematics
assessment of retailing -------------title-------
**retailing**
for fall math section -------------title-------
    **syllabus for fall 2001 math 1550 section 15**
the bsw academic experience -------------title-------
**the bsw academic experience**
the passover haggadah -------------title-------
### the passover haggadah
classics intellectual history of classical greece -------------title-------
**classics 322 intellectual history of classical greece**
hieu origins of contemporary thought -------------title-------
**hieu 380 origins of contemporary thought**
university of pennsylvania undergraduate program in philosophy -------------title-------
##  the undergraduate program in philosophy
english   winter -------------title-------
#  english 270-2, american literary traditions, winter 2001-2
kent state university syllabi -------------title-------
**  kent state university:  online syllabi**
for principles of biology (fall ) -------------title-------
## syllabus for principles of biology 241 (fall 2000)
biology  course information &amp; policies -------------title-------
**course information**
bio genetics fall -------------title-------
**bio 326 genetics, fall 2001**
environmental biology policy requirements &amp; grading -------------title-------
**environmental biology 206**
advanced placement biology -------------title-------
# advanced placement biology
curriculum bulletin vol notices -------------title-------
**notices**
building the virtual department -------------title-------
### ![ ](graphics/books-t.gif) building the virtual department: a case study
sexuality in american history -------------title-------
****sexuality in american history
women in american society -------------title-------
## women in american society
he(types of fiction) -------------title-------
**he306 types of fiction**
curricular masks imperial phantasmatics -------------title-------
## `**curricular masks/imperial phantasmatics**`
siena college political science department -------------title-------
# political science department
bio comparative vertebrate anatomy -------------title-------
#  **bio 307 comparative vertebrate anatomy**
philosophy of science spring -------------title-------
**introduction to philosophy of science x303** syllabus **spring, 1998**
american government pols -------------title-------
## american government
astronomybrief history of matter in the universe -------------title-------
#  astronomy 236 - a brief history of matter in the universe
frank frisenda web page -------------title-------
# frank frisenda
american government pols -------------title-------
## american government
conservation laboratory techniques -------------title-------
**laboratory techniques ii**
history and memory -------------title-------
**university of florida** **fall 1998** **history 3930** **history and memory
philosophy of science -------------title-------
# philosophy of science x303
psy general psychology -------------title-------
**general psychology - psy 100** **syllabus** **missouri southern state
art history and archaeology -------------title-------
    **art history and archaeology 222, winter 2000
math way of thinking spring -------------title-------
# math 155 way of thinking
math way of thinking fall -------------title-------
#  math 155 way of thinking
welcome to astronomy -------------title-------
# welcome to astronomy 106
university seminar fall -------------title-------
# university seminar
ce urban transportation planning and management -------------title-------
# ce 451 - urban transportation planning and management
the university of illinois at chicago undergraduate catalog -------------title-------
# uic (the university of illinois at chicago)
the university of illinois at chicago undergraduate catalog -------------title-------
# uic (the university of illinois at chicago)
mathematics graduate student handbook -------------title-------
**mathematics graduate student handbook**
southwestern college physics department general physics -------------title-------
# general physics 1
the university of illinois at chicago undergraduate catalog -------------title-------
# uic (the university of illinois at chicago)
quantitative business methods -------------title-------
**quantitative business methods**
the university of illinois at chicago undergraduate catalog -------------title-------
# uic (the university of illinois at chicago)
southwestern college physics department college physics -------------title-------
# college physics 1
race politics and gender in american music -------------title-------
#### **race, politics, and gender in american music
fable of reform -------------title-------
** a fable of reform
majoring in foreign languages -------------title-------
**majoring in foreign languages** |
corporate finance fin -------------title-------
## corporate finance / bus-fin 721
ad hoc committee on teaching assistants -------------title-------
**ad hoc committee on teaching assistants**
buildings and cities in japanese history -------------title-------
  **eaas v3613** **buildings and cities in japanese history**
survival guide to physics at utaustin -------------title-------
# survival guide to physics at utaustin
detailed discussions for bs ece curriculum reform -------------title-------
# detailed discussions for bsee and bs comp. eng. curriculum reform for the
philosophy of science -------------title-------
**philosophy of science**
etsu employment opportunities faculty positions -------------title-------
#  employment opportunities
etsu employment opportunities faculty positions -------------title-------
### **faculty positions **
accommodating students with disabilities handbook -------------title-------
### accommodating students with disabilities
faculty senate minutes -------------title-------
### faculty senate minutes
faculty handbook evening college division -------------title-------
##  faculty handbook
page university of southern maine mission statement of the -------------title-------
**university of southern maine** |
page university of southern maine mission statement of the -------------title-------
**mission statement of the university of southern maine** |
latin american studies -------------title-------
# **latin american studies 200 spring 2002**
for social history of popular music -------------title-------
**social history of twentieth century american popular music**
introduction to philosophy -------------title-------
**introduction to philosophy**
introduction to philosophy -------------title-------
**introduction to philosophy**
introduction to philosophy -------------title-------
**introduction to philosophy**
eng history of the english language -------------title-------
## **eng 520: history of the english language**
eng history of the english language -------------title-------
## **eng 520: history of the english language**
issues in music mul -------------title-------
**issues in music**
issues in music -------------title-------
##  issues in music
issues in music -------------title-------
**course description:** the issues in music course content is delivered
computing in the arts -------------title-------
**introduction to computing in the arts**
course prefix course number course title units [prefix] [number] -------------title-------
**course**
course prefix course number course title units [prefix] [number] -------------title-------
**prefix** | **course number** | **course title** | **units**
historiography discussion thread forteach -------------title-------
## historiography discussion thread for h-teach
history of rock music -------------title-------
##### history of rock music @ the university of tennessee
policy file math dept csulb -------------title-------
# policy file
graduate admissions handbook -------------title-------
# 2000/2001 graduate admissions handbook
american studies advance course information fall -------------title-------
# american studies
soils (environmental biophysics) -------------title-------
**soils 414*/514 - environmental biophysics**
for principles of biology (fall ) -------------title-------
## syllabus for principles of biology 241
mlsc clinical biochemistry -------------title-------
# clinical biochemistry
physics  philosophy -------------title-------
# physics 433/ philosophy 433
physics  philosophy -------------title-------
# physics and philosophy of space and time
physics  philosophy -------------title-------
**welcome to the physics and philosophy of space and time course web page.
cs introduction to software engineering -------------title-------
###  cs 3802 - introduction to software engineering
literature of the american south -------------title-------
### literature of the american south _
course information for ling cmsc -------------title-------
# course information for ling645/cmsc723
computer science ii -------------title-------
####  computer science ii :
george mason university -------------title-------
**george mason university**
csc course fall -------------title-------
##  csc 221 - course syllabus - fall 2001
course schedule textbooks course requirements general information -------------title-------
**course schedule** | **textbooks** | **course requirements**
course schedule textbooks course requirements general information -------------title-------
****general information:**
cmsccomputer science iii -------------title-------
**cmsc201: computer science iii
general course information -------------title-------
# general course information
cs (principles of algorithm design i) -------------title-------
#  cs 1320 (principles of algorithm design i):
phcl  biom introduction to bioinformatics -------------title-------
#  introduction to bioinformatics
for computer literacy spring -------------title-------
**computer literacy      **
cs section  fall -------------title-------
##  cs 2073 section 2, fall 1997
csc course spring -------------title-------
##  csc 221 - course syllabus - spring 2002
cs section  summer -------------title-------
##  cs 1713 section 1, summer 1997
cs section  spring -------------title-------
##  cs 1713 section 3, spring 1997
sie information systems law -------------title-------
**sie 525 information systems law**
department of computer sciences [students assistantships] -------------title-------
# department of computer sciences [students assistantships]
computer law spring -------------title-------
**computer law
cis elementary java programming -------------title-------
# cis3931: elementary java programming
cs (principles of algorithm design ii) -------------title-------
#  cs 1321 (principles of algorithm design ii):
ucla computer science ta faq -------------title-------
# ucla computer science ta faq
cs section  fall -------------title-------
##  cs 1713 section 2, fall 1997
cs    intro to intelligent robotics spring -------------title-------
**cs 4970-001/5973-002 - introduction to intelligent robotics - spring 2002**
readings in european history -------------title-------
#  readings in european history i
cs object oriented design (fall ) -------------title-------
#  cs414: object-oriented design (fall 2001)
csc  data structure -------------title-------
##  csc 311-002 data structure
george mason university -------------title-------
**george mason university**
cs computer science ii -------------title-------
**cs 1521 computer science ii
women and violence -------------title-------
# ws496: women and violence
for physics spring -------------title-------
**syllabus for physics 4412 spring 2002**
masterpieces of american literature -------------title-------
# masterpieces of american literature
masterpieces of american literature -------------title-------
# masterpieces of american literature
info net economics -------------title-------
# info net economics -- syllabus
microcomputers in education -------------title-------
**microcomputers in education**
building the virtual department -------------title-------
###  ![book image](graphics/books-t.gif) building the virtual department: a
rome center course syllabi -------------title-------
### course syllabi
masterpieces of american literature -------------title-------
# masterpieces of american literature
hstaa  history of washington state and the pacific northwest -------------title-------
### history of washington state
modern war summer -------------title-------
**modern war**
psychology  section -------------title-------
#  psychology 101, section 3, spring 2002
psychology of consciousness -------------title-------
**syllabus - psychology of consciousness**
psychology of consciousness -------------title-------
**course title:** psychology of consciousness
institutional planning and assessment construction -------------title-------
### institutional planning and assessment
psychology  section -------------title-------
#  psychology 101, section 3, spring 2002
psy  course -------------title-------
### course
introduction to psychology -------------title-------
** ** psy 1303:  introduction to psychology**
modern american social history -------------title-------
## modern american social history
history of manhood in america -------------title-------
##  history of manhood in america, 1750-1940
slis history of american librarianship -------------title-------
**history of american librarianship**
gilfoyle culture and social life in the american city -------------title-------
**culture and social life in the american city, 1800-1970**
early american history and culture -------------title-------
####  early american history and culture, 1500s-1865
latin american history -------------title-------
# latin american history
department of history summer course offerings -------------title-------
  **department of history** | **summer 2002**
uscwc index of civil war information available on the internet -------------title-------
##  index of civil war information
civil war women internet sources -------------title-------
# civil war women
women and the civil war resources at duke -------------title-------
# women and the civil war
uscwc images art maps and multimedia -------------title-------
###  images and art
spanish civil war prelude -------------title-------
## spanish civil war
archaeology of roman egypt -------------title-------
## the archaeology of roman egypt:
women and gender in the ancient near east -------------title-------
### women and gender in the ancient near east
human rights as moral history -------------title-------
# human rights as moral history
hist  african american history -------------title-------
**african american history**
watu affiliated writing seminar fall -------------title-------
## [ watu-affiliated ](faq.html) writing seminar:
gender and media in south asia spring ruhi -------------title-------
**gender and media in south asia**
the race and ethnicity book review discussion list -------------title-------
**pos334-l: the race and ethnicity book review discussion list
the race and ethnicity book review discussion list -------------title-------
**the discussion list:**
immigration and politics -------------title-------
**undergraduate seminar on immigration and politics in**
esb immigration &amp; assimilation in american life -------------title-------
**immigration and assimilation in american life**
completerequired reading recommended reading -------------title-------
**recommended reading **
graff the culture of cities () -------------title-------
**the culture of cities**
varieties of populism in america -------------title-------
## varieties of populism in america
state and society in victorian america -------------title-------
## state and society in victorian america
american political developmentspring -------------title-------
**american political development**
playing the policy game -------------title-------
## playing the policy game
playing the policy game -------------title-------
## playing the policy game
american political &amp; diplomatic history -------------title-------
# american political & diplomatic history
parties &amp; interest groups -------------title-------
**parties & interest groups
modern china (murray) -------------title-------
# modern china
china from differing perspectives &lt; (murray) -------------title-------
# china from differing perspectives
ethnicity in african history -------------title-------
### ethnicity in african history: identity and difference in time and space
western civilization since -------------title-------
## western civilization since 1660
first study guide -------------title-------
**first study guide**
essay assignment # -------------title-------
####  essay assignment #2:
department of history at the university of pennsylvania -------------title-------
** university of pennsylvania
history southwestern assemblies of god university -------------title-------
**southwestern assemblies of god university
linfield department of history -------------title-------
#  ![linfield](../images/clearlogo.gif)department of history
postmodernism and the culture of cyberspace -------------title-------
## **english 295 - postmodernism and the culture of cyberspace**
emergence of modern america -------------title-------
##  hist 214.301 - the emergence of modern america
labor rap by by thread -------------title-------
# labor-rap by by thread
labor rap by by date -------------title-------
# labor-rap by by date
modern western civilization fall (pace) -------------title-------
##  modern western civilization
art of the western world art -------------title-------
**art of the western world**
wsufa senate minutes -------------title-------
**wsufa senate minutes**
hammack the city in american history () -------------title-------
**the city in american history**
business benefits of accessible electronic and information -------------title-------
##  business benefits of accessible electronic and
lutsky psychology and the holocaust -------------title-------
### **psychology and the holocaust:
object and face recognition -------------title-------
**9.67(0) object and face recognition**
faculty summer institute -------------title-------
**1999 faculty summer institute**
cheg computer methods for chemical engineers -------------title-------
## cheg 258 - computer methods for chemical engineers
notes from the nercomp instructional management systems workshop -------------title-------
# notes from:
theatre arts responses -------------title-------
## theatre arts responses
jhistory by thread -------------title-------
# jhistory.96 by thread
jhistory by date -------------title-------
# jhistory.96 by date
jhistory by thread -------------title-------
# jhistory.96 by thread
jhistory by date -------------title-------
# jhistory.96 by date
management information systems -------------title-------
# **management information systems**
other team projects -------------title-------
# ![other team projects](_derived/other.htm_cmp_canvas110_bnr.gif)
ata course syllabi exchange -------------title-------
### course syllabi exchange
gmu catalog  college of nursing &amp; health science -------------title-------
# **college of nursing & health science**
george mason university school of business administration course -------------title-------
#  george mason university school of business administration course syllabus
his oral history -------------title-------
###  ![](shld1sm.gif)his 665 oral history: project development
distance education journals and readings -------------title-------
# journals and readings
posc world conflict and security -------------title-------
**world conflict and security**
three models of distance education -------------title-------
# three models of distance education
art of the western world -------------title-------
**art of the western world**
music technology seminar -------------title-------
**musi 6397: music technology seminar
week of   to -------------title-------
## week of 10/10/98 to 10/16/98
week of   to -------------title-------
## week of 09/26/98 to 10/02/98
week of   to -------------title-------
## week of 10/03/98 to 10/09/98
week of   to -------------title-------
## week of 09/19/98 to 09/25/98
questions and issues in basic writing &amp; computing -------------title-------
**questions and issues in basic writing & computing
modern western civilization fall (pace) -------------title-------
##  modern western civilization
access statistics for www cs bu edu -------------title-------
# access statistics for www.cs.bu.edu
week of   to -------------title-------
## week of 08/15/98 to 08/21/98
world wide web access statistics for www engr uark edu -------------title-------
# world-wide web access statistics for www.engr.uark.edu
advanced communication for management weber -------------title-------
**mhr 325 advanced communication for management (4)**
sociological theory course notice board -------------title-------
**sociological theory course notice board: fall 2001
uta schedule of classes finance and real estate -------------title-------
**finance and real estate**
welcome to fnan -------------title-------
**welcome to fnan 301**
welcome to fnan -------------title-------
**welcome to fnan 301**
wed research methods -------------title-------
# wed 561: research methods
thompson center for learning and teaching teaching resources -------------title-------
  * **learning**
thompson center for learning and teaching teaching resources -------------title-------
  * **teaching**
favorite hrd resource links -------------title-------
  **favorite hrd resource links**
history of science -------------title-------
### history of science
shsu history department summercourses -------------title-------
# shsu history department
shsu history department summercourses -------------title-------
# shsu history department
teaching case history onand grading -------------title-------
## teaching case history 1
art of the western world -------------title-------
  **art of the western world**
graff the development of american urban society () -------------title-------
**the development of american urban society**
special methods of teaching social studies -------------title-------
**special methods of teaching social studies**
graff the development of american urban society () -------------title-------
**the development of american urban society**
tropical ecosystems of costa rica and panama discussion -------------title-------
# _1999 tropical ecosystems of costa rica discussion and research menu_
qualitative research methods -------------title-------
## syllabus: wws 513/pop 507 qualitative research methods
for research methods -------------title-------
**syllabus for jus 308 research methods**
center for peacemaking and conflict studies family mediation -------------title-------
# family mediation
center for peacemaking and conflict studies family mediation -------------title-------
#### family mediation
comm  mediation and facilitation course information and -------------title-------
**mediation and facilitation**
history survey of world civilizations ii -------------title-------
**history 2302 -- survey of world civilizations ii** **  spring term 2001 --
gilliland swetland courses american archives and manuscripts -------------title-------
## american archives and manuscripts
ancient history courses -------------title-------
## ancient history courses
about dan waugh -------------title-------
# about dan waugh
nes graduate courses -------------title-------
##  **graduate courses**
quick guide to the world history of globalization -------------title-------
**a quick guide to the world history of globalization**
writing intensive courses throughout the college -------------title-------
**writing intensive courses throughout the college**
hk traditional china -------------title-------
## traditional china
art of the western world -------------title-------
  **art of the western world**
history of the far east -------------title-------
  **history of the far east**
courses in chinese studies &amp; level -------------title-------
## **courses in chinese studies--300- and 400-level**
history of mathematics -------------title-------
## history of mathematics syllabus
introduction to comparative politics -------------title-------
### **introduction to comparative politics**
tea seminar main course requirements teaching resources links to -------------title-------
**  [tea seminar
the history of japan -------------title-------
** ** **his 371 / 571, the history of japan**
the history of japan -------------title-------
** ** **his 371 / 571, the history of japan**
his  history of japan course evaluation -------------title-------
**his 371 / 571, the history of japan** fall semester 1998 course evaluation
his  history of japan course evaluation -------------title-------
**his 371 / 571, the history of japan** fall semester 2001 course evaluation
department of history spring course offerings -------------title-------
  **department of history** | **spring 2002**
korean program language courses -------------title-------
**the korean language program**
introduction to third world cinema spring  laura -------------title-------
**introduction to third world cinema**
posc politics of the indian subcontinent -------------title-------
   **politics of the indian subcontinent**
for multilingual education in south and southeast asia -------------title-------
# multilingual education
general asia reference sources at south southeast asia library -------------title-------
##  general asia reference sources
archaeology of southeast asia -------------title-------
# **archaeology of southeast asia**
archaeology of southeast asia -------------title-------
**archaeology of southeast asia** readings (on file in the reserve reading
academic home page -------------title-------
#### academic home page
war in the middle east -------------title-------
**war and the middle east** politics 226
islamic history philosophy and scientific thought -------------title-------
# islamic philosophy, scientific thought, and history
courses offered in world history -------------title-------
## courses offered in world history
history of islamic civilization -------------title-------
**history of islamic civilization** **office:** fsk 2161
ps  middle eastern politics and diplomacy -------------title-------
****middle eastern politics and diplomacy
arab israeli politics fall -------------title-------
# arab-israeli politics
africa and latin america -------------title-------
**africa and latin america
artart of central africa -------------title-------
#  art527 art of central africa
love in world history -------------title-------
## love in world history
theatre history ii -------------title-------
**thea 110/theatre history ii** tue/thur 10:25 -- 11:40 bc 215 spring 2002
theatre history ii -------------title-------
**note:** in taking the second part of theatre history, **it will be assumed
theatre history ii -------------title-------
**greeks, through the renaissance.** if you haven't taken  **theatre history
for history  introduction to european civilization -------------title-------
##  introduction to european civilization:
europe in the nineteenth century munson fall -------------title-------
##  europe in the nineteenth century
greek &amp; roman mythology -------------title-------
## greek and roman mythology
the drama of world history friends seminary (new york) -------------title-------
**the drama of world history - friends seminary (new york), 1995
